// Jest Snapshot v1, https://goo.gl/fbAQLP

exports[`StepTimeField should disable the action button if an invalid time field is selected 1`] = `null`;

exports[`StepTimeField should enable the action button if the user decides to not select a time field 1`] = `null`;

exports[`StepTimeField should render a loading state when creating the index pattern 1`] = `
<EuiPanel
  grow={true}
  hasShadow={false}
  paddingSize="m"
>
  <EuiFlexGroup
    alignItems="center"
    component="div"
    direction="row"
    gutterSize="l"
    justifyContent="flexStart"
    responsive={true}
    wrap={false}
  >
    <EuiFlexItem
      component="div"
      grow={false}
    >
      <EuiLoadingSpinner />
    </EuiFlexItem>
    <EuiFlexItem
      component="div"
      grow={false}
    >
      <EuiText
        grow={true}
      >
        <FormattedMessage
          defaultMessage="Creating index pattern..."
          id="kbn.management.indexPattern.create.stepTime.creating.label"
          values={Object {}}
        />
      </EuiText>
    </EuiFlexItem>
  </EuiFlexGroup>
</EuiPanel>
`;

exports[`StepTimeField should render a selected timeField 1`] = `<I18nContext />`;

exports[`StepTimeField should render advanced options 1`] = `<I18nContext />`;

exports[`StepTimeField should render advanced options with an index pattern id 1`] = `<I18nContext />`;

exports[`StepTimeField should render normally 1`] = `<I18nContext />`;

exports[`StepTimeField should render timeFields 1`] = `<I18nContext />`;
